
> backend@1.0.0 test
> jest --runInBand --forceExit --detectOpenHandles

node.exe : FAIL tests/problems.test.js
At line:1 char:1
+ & "D:\Install\nodejs/node.exe" "D:\Install\nodejs/node_modules/npm/bi ...
+ ~~~~~~~~~~~~~~~~~~~~~~~~~~~~~~~~~~~~~~~~~~~~~~~~~~~~~~~~~~~~~~~~~~~~~
    + CategoryInfo          : NotSpecified: (FAIL tests/problems.test.js:String) [], RemoteException
    + FullyQualifiedErrorId : NativeCommandError
 
  ΓùÅ Console

    console.log
      Γùç injected env (12) from .env // tip: Γîÿ multiple files { path: ['.env.local', '.env'] }

      at _log (../node_modules/dotenv/lib/main.js:131:11)

    console.error
      ValidationError: Problem validation failed: difficulty: `Easy` is not a valid enum value for path `difficulty`.
          at model.validate (D:\SLIDE B├ÇI GIß║óNG Hß╗îC Kß╗▓ 
4\NT208\NT208_WebCodeSoChill\node_modules\mongoose\lib\document.js:2864:36)
          at processTicksAndRejections (node:internal/process/task_queues:104:5)
          at model.$__save (D:\SLIDE B├ÇI GIß║óNG Hß╗îC Kß╗▓ 
4\NT208\NT208_WebCodeSoChill\node_modules\mongoose\lib\model.js:393:7)
          at model.save (D:\SLIDE B├ÇI GIß║óNG Hß╗îC Kß╗▓ 
4\NT208\NT208_WebCodeSoChill\node_modules\mongoose\lib\model.js:667:5)
          at createProblem (D:\SLIDE B├ÇI GIß║óNG Hß╗îC Kß╗▓ 
4\NT208\NT208_WebCodeSoChill\backend\api\problems\problemController.js:232:9) {
        errors: {
          difficulty: ValidatorError: `Easy` is not a valid enum value for path `difficulty`.
              at SchemaString.doValidate (D:\SLIDE B├ÇI GIß║óNG Hß╗îC Kß╗▓ 
4\NT208\NT208_WebCodeSoChill\node_modules\mongoose\lib\schemaType.js:1517:13)
              at model.validate (D:\SLIDE B├ÇI GIß║óNG Hß╗îC Kß╗▓ 
4\NT208\NT208_WebCodeSoChill\node_modules\mongoose\lib\document.js:2842:20)
              at processTicksAndRejections (node:internal/process/task_queues:104:5)
              at model.$__save (D:\SLIDE B├ÇI GIß║óNG Hß╗îC Kß╗▓ 
4\NT208\NT208_WebCodeSoChill\node_modules\mongoose\lib\model.js:393:7)
              at model.save (D:\SLIDE B├ÇI GIß║óNG Hß╗îC Kß╗▓ 
4\NT208\NT208_WebCodeSoChill\node_modules\mongoose\lib\model.js:667:5)
              at createProblem (D:\SLIDE B├ÇI GIß║óNG Hß╗îC Kß╗▓ 
4\NT208\NT208_WebCodeSoChill\backend\api\problems\problemController.js:232:9) {
            properties: [Object],
            kind: 'enum',
            path: 'difficulty',
            value: 'Easy',
            reason: undefined,
            Symbol(mongoose#validatorError): true
          }
        },
        _message: 'Problem validation failed'
      }

    [0m [90m 233 |[39m         res[33m.[39mstatus([35m201[39m)[33m.[39mjson({ message[33m:[39m [32m'Tß║ío 
b├ái tß║¡p th├ánh c├┤ng'[39m[33m,[39m problem })[33m;[39m
     [90m 234 |[39m     } [36mcatch[39m (err) {
    [31m[1m>[22m[39m[90m 235 |[39m         console[33m.[39merror(err)[33m;[39m
     [90m     |[39m                 [31m[1m^[22m[39m
     [90m 236 |[39m         [36mif[39m (err[33m.[39mcode [33m===[39m [35m11000[39m) [36mreturn[39m 
res[33m.[39mstatus([35m400[39m)[33m.[39mjson({ message[33m:[39m [32m'problemId ─æ├ú tß╗ôn tß║íi'[39m 
})[33m;[39m
     [90m 237 |[39m         res[33m.[39mstatus([35m500[39m)[33m.[39mjson({ message[33m:[39m [32m'Lß╗ùi 
server'[39m })[33m;[39m
     [90m 238 |[39m     }[0m

      at error (api/problems/problemController.js:235:17)

    console.error
      ValidationError: Problem validation failed: title: Path `title` is required., difficulty: `Easy` is not a valid 
enum value for path `difficulty`.
          at model.validate (D:\SLIDE B├ÇI GIß║óNG Hß╗îC Kß╗▓ 
4\NT208\NT208_WebCodeSoChill\node_modules\mongoose\lib\document.js:2864:36)
          at processTicksAndRejections (node:internal/process/task_queues:104:5)
          at model.$__save (D:\SLIDE B├ÇI GIß║óNG Hß╗îC Kß╗▓ 
4\NT208\NT208_WebCodeSoChill\node_modules\mongoose\lib\model.js:393:7)
          at model.save (D:\SLIDE B├ÇI GIß║óNG Hß╗îC Kß╗▓ 
4\NT208\NT208_WebCodeSoChill\node_modules\mongoose\lib\model.js:667:5)
          at createProblem (D:\SLIDE B├ÇI GIß║óNG Hß╗îC Kß╗▓ 
4\NT208\NT208_WebCodeSoChill\backend\api\problems\problemController.js:232:9) {
        errors: {
          title: ValidatorError: Path `title` is required.
              at SchemaString.doValidate (D:\SLIDE B├ÇI GIß║óNG Hß╗îC Kß╗▓ 
4\NT208\NT208_WebCodeSoChill\node_modules\mongoose\lib\schemaType.js:1517:13)
              at model.validate (D:\SLIDE B├ÇI GIß║óNG Hß╗îC Kß╗▓ 
4\NT208\NT208_WebCodeSoChill\node_modules\mongoose\lib\document.js:2842:20)
              at processTicksAndRejections (node:internal/process/task_queues:104:5)
              at model.$__save (D:\SLIDE B├ÇI GIß║óNG Hß╗îC Kß╗▓ 
4\NT208\NT208_WebCodeSoChill\node_modules\mongoose\lib\model.js:393:7)
              at model.save (D:\SLIDE B├ÇI GIß║óNG Hß╗îC Kß╗▓ 
4\NT208\NT208_WebCodeSoChill\node_modules\mongoose\lib\model.js:667:5)
              at createProblem (D:\SLIDE B├ÇI GIß║óNG Hß╗îC Kß╗▓ 
4\NT208\NT208_WebCodeSoChill\backend\api\problems\problemController.js:232:9) {
            properties: [Object],
            kind: 'required',
            path: 'title',
            value: undefined,
            reason: undefined,
            Symbol(mongoose#validatorError): true
          },
          difficulty: ValidatorError: `Easy` is not a valid enum value for path `difficulty`.
              at SchemaString.doValidate (D:\SLIDE B├ÇI GIß║óNG Hß╗îC Kß╗▓ 
4\NT208\NT208_WebCodeSoChill\node_modules\mongoose\lib\schemaType.js:1517:13)
              at model.validate (D:\SLIDE B├ÇI GIß║óNG Hß╗îC Kß╗▓ 
4\NT208\NT208_WebCodeSoChill\node_modules\mongoose\lib\document.js:2842:20)
              at processTicksAndRejections (node:internal/process/task_queues:104:5)
              at model.$__save (D:\SLIDE B├ÇI GIß║óNG Hß╗îC Kß╗▓ 
4\NT208\NT208_WebCodeSoChill\node_modules\mongoose\lib\model.js:393:7)
              at model.save (D:\SLIDE B├ÇI GIß║óNG Hß╗îC Kß╗▓ 
4\NT208\NT208_WebCodeSoChill\node_modules\mongoose\lib\model.js:667:5)
              at createProblem (D:\SLIDE B├ÇI GIß║óNG Hß╗îC Kß╗▓ 
4\NT208\NT208_WebCodeSoChill\backend\api\problems\problemController.js:232:9) {
            properties: [Object],
            kind: 'enum',
            path: 'difficulty',
            value: 'Easy',
            reason: undefined,
            Symbol(mongoose#validatorError): true
          }
        },
        _message: 'Problem validation failed'
      }

    [0m [90m 233 |[39m         res[33m.[39mstatus([35m201[39m)[33m.[39mjson({ message[33m:[39m [32m'Tß║ío 
b├ái tß║¡p th├ánh c├┤ng'[39m[33m,[39m problem })[33m;[39m
     [90m 234 |[39m     } [36mcatch[39m (err) {
    [31m[1m>[22m[39m[90m 235 |[39m         console[33m.[39merror(err)[33m;[39m
     [90m     |[39m                 [31m[1m^[22m[39m
     [90m 236 |[39m         [36mif[39m (err[33m.[39mcode [33m===[39m [35m11000[39m) [36mreturn[39m 
res[33m.[39mstatus([35m400[39m)[33m.[39mjson({ message[33m:[39m [32m'problemId ─æ├ú tß╗ôn tß║íi'[39m 
})[33m;[39m
     [90m 237 |[39m         res[33m.[39mstatus([35m500[39m)[33m.[39mjson({ message[33m:[39m [32m'Lß╗ùi 
server'[39m })[33m;[39m
     [90m 238 |[39m     }[0m

      at error (api/problems/problemController.js:235:17)

    console.error
      ValidationError: Problem validation failed: difficulty: `Easy` is not a valid enum value for path `difficulty`.
          at model.validate (D:\SLIDE B├ÇI GIß║óNG Hß╗îC Kß╗▓ 
4\NT208\NT208_WebCodeSoChill\node_modules\mongoose\lib\document.js:2864:36)
          at processTicksAndRejections (node:internal/process/task_queues:104:5)
          at model.$__save (D:\SLIDE B├ÇI GIß║óNG Hß╗îC Kß╗▓ 
4\NT208\NT208_WebCodeSoChill\node_modules\mongoose\lib\model.js:393:7)
          at model.save (D:\SLIDE B├ÇI GIß║óNG Hß╗îC Kß╗▓ 
4\NT208\NT208_WebCodeSoChill\node_modules\mongoose\lib\model.js:667:5)
          at createProblem (D:\SLIDE B├ÇI GIß║óNG Hß╗îC Kß╗▓ 
4\NT208\NT208_WebCodeSoChill\backend\api\problems\problemController.js:232:9) {
        errors: {
          difficulty: ValidatorError: `Easy` is not a valid enum value for path `difficulty`.
              at SchemaString.doValidate (D:\SLIDE B├ÇI GIß║óNG Hß╗îC Kß╗▓ 
4\NT208\NT208_WebCodeSoChill\node_modules\mongoose\lib\schemaType.js:1517:13)
              at model.validate (D:\SLIDE B├ÇI GIß║óNG Hß╗îC Kß╗▓ 
4\NT208\NT208_WebCodeSoChill\node_modules\mongoose\lib\document.js:2842:20)
              at processTicksAndRejections (node:internal/process/task_queues:104:5)
              at model.$__save (D:\SLIDE B├ÇI GIß║óNG Hß╗îC Kß╗▓ 
4\NT208\NT208_WebCodeSoChill\node_modules\mongoose\lib\model.js:393:7)
              at model.save (D:\SLIDE B├ÇI GIß║óNG Hß╗îC Kß╗▓ 
4\NT208\NT208_WebCodeSoChill\node_modules\mongoose\lib\model.js:667:5)
              at createProblem (D:\SLIDE B├ÇI GIß║óNG Hß╗îC Kß╗▓ 
4\NT208\NT208_WebCodeSoChill\backend\api\problems\problemController.js:232:9) {
            properties: [Object],
            kind: 'enum',
            path: 'difficulty',
            value: 'Easy',
            reason: undefined,
            Symbol(mongoose#validatorError): true
          }
        },
        _message: 'Problem validation failed'
      }

    [0m [90m 233 |[39m         res[33m.[39mstatus([35m201[39m)[33m.[39mjson({ message[33m:[39m [32m'Tß║ío 
b├ái tß║¡p th├ánh c├┤ng'[39m[33m,[39m problem })[33m;[39m
     [90m 234 |[39m     } [36mcatch[39m (err) {
    [31m[1m>[22m[39m[90m 235 |[39m         console[33m.[39merror(err)[33m;[39m
     [90m     |[39m                 [31m[1m^[22m[39m
     [90m 236 |[39m         [36mif[39m (err[33m.[39mcode [33m===[39m [35m11000[39m) [36mreturn[39m 
res[33m.[39mstatus([35m400[39m)[33m.[39mjson({ message[33m:[39m [32m'problemId ─æ├ú tß╗ôn tß║íi'[39m 
})[33m;[39m
     [90m 237 |[39m         res[33m.[39mstatus([35m500[39m)[33m.[39mjson({ message[33m:[39m [32m'Lß╗ùi 
server'[39m })[33m;[39m
     [90m 238 |[39m     }[0m

      at error (api/problems/problemController.js:235:17)

  ΓùÅ POST /api/problems ΓÇ║ Γ£à Admin tß║ío b├ái to├ín mß╗¢i th├ánh c├┤ng

    expect(received).toBe(expected) // Object.is equality

    Expected: 201
    Received: 500

    [0m [90m 101 |[39m       [33m.[39m[36mset[39m([32m'Authorization'[39m[33m,[39m [32m`Bearer 
${adminToken}`[39m)
     [90m 102 |[39m       [33m.[39msend(sampleProblem)[33m;[39m
    [31m[1m>[22m[39m[90m 103 |[39m     expect(res[33m.[39mstatusCode)[33m.[39mtoBe([35m201[39m)[33m;[39m
     [90m     |[39m                            [31m[1m^[22m[39m
     [90m 104 |[39m     
expect(res[33m.[39mbody[33m.[39mproblem[33m.[39mtitle)[33m.[39mtoBe(sampleProblem[33m.[39mtitle)[33m;[39m
     [90m 105 |[39m   })[33m;[39m
     [90m 106 |[39m[0m

      at Object.toBe (tests/problems.test.js:103:28)

  ΓùÅ GET /api/problems/:id ΓÇ║ Γ£à Lß║Ñy b├ái to├ín theo ID th├ánh c├┤ng

    expect(received).toBe(expected) // Object.is equality

    Expected: 200
    Received: 404

    [0m [90m 144 |[39m   test([32m'Γ£à Lß║Ñy b├ái to├ín theo ID th├ánh c├┤ng'[39m[33m,[39m [36masync[39m () 
[33m=>[39m {
     [90m 145 |[39m     [36mconst[39m res [33m=[39m [36mawait[39m 
request(app)[33m.[39m[36mget[39m([32m`/api/problems/${problemId}`[39m)[33m;[39m
    [31m[1m>[22m[39m[90m 146 |[39m     expect(res[33m.[39mstatusCode)[33m.[39mtoBe([35m200[39m)[33m;[39m
     [90m     |[39m                            [31m[1m^[22m[39m
     [90m 147 |[39m     expect(res[33m.[39mbody[33m.[39mproblem[33m.[39mtitle)[33m.[39mtoBe([32m'Get By ID 
Test'[39m)[33m;[39m
     [90m 148 |[39m   })[33m;[39m
     [90m 149 |[39m[0m

      at Object.toBe (tests/problems.test.js:146:28)

PASS tests/auth.test.js
  ΓùÅ Console

    console.log
      Γùç injected env (12) from .env // tip: Γùê secrets for agents [www.dotenvx.com]

      at _log (../node_modules/dotenv/lib/main.js:131:11)


Test Suites: 1 failed, 1 passed, 2 total
Tests:       2 failed, 20 passed, 22 total
Snapshots:   0 total
Time:        8.42 s, estimated 10 s
Ran all test suites.
npm error Lifecycle script `test` failed with error:
npm error code 1
npm error path D:\SLIDE B├ÇI GIß║óNG Hß╗îC Kß╗▓ 4\NT208\NT208_WebCodeSoChill\backend
npm error workspace backend@1.0.0
npm error location D:\SLIDE B├ÇI GIß║óNG Hß╗îC Kß╗▓ 4\NT208\NT208_WebCodeSoChill\backend
npm error command failed
npm error command C:\WINDOWS\system32\cmd.exe /d /s /c jest --runInBand --forceExit --detectOpenHandles
